2025-11-23 08:20:45 ERROR Failed to connect to database
2025-11-23 08:40:50 ERROR Could not write to log file
2025-11-23 09:00:01 ERROR Network timeout detected
2025-11-23 09:20:55 ERROR Failed to send email notification
